[debug] [2026-08-28T14:06:59.147Z] ----------------------------------------------------------------------
[debug] [2026-08-28T14:06:59.149Z] Command:       C:\Program Files\nodejs\node.exe C:\Users\Caio\AppData\Roaming\npm\node_modules\firebase-tools\lib\bin\firebase.js deploy
[debug] [2026-08-28T14:06:59.150Z] CLI Version:   15.28.1
[debug] [2026-08-28T14:06:59.150Z] Platform:      win32
[debug] [2026-08-28T14:06:59.150Z] Node Version:  v24.16.0
[debug] [2026-08-28T14:06:59.150Z] Detected Agent: unknown
[debug] [2026-08-28T14:06:59.150Z] Time:          Fri Aug 28 2026 11:06:59 GMT-0300 (Horário Padrão de Brasília)
[debug] [2026-08-28T14:06:59.151Z] ----------------------------------------------------------------------
[debug] 
[debug] [2026-08-28T14:07:32.107Z] > command requires scopes: ["email","openid","https://www.googleapis.com/auth/cloudplatformprojects.readonly","https://www.googleapis.com/auth/firebase","https://www.googleapis.com/auth/cloud-platform"]
[debug] [2026-08-28T14:07:32.107Z] > authorizing via signed-in user (caio223@gmail.com)
[debug] [2026-08-28T14:07:32.107Z] [iam] checking project fitapp-operacional for permissions ["firebase.projects.get","firebasehosting.sites.update"]
[debug] [2026-08-28T14:07:32.121Z] Checked if tokens are valid: false, expires at: 1787920077106
[debug] [2026-08-28T14:07:32.121Z] Checked if tokens are valid: false, expires at: 1787920077106
[debug] [2026-08-28T14:07:32.122Z] > refreshing access token with scopes: []
[debug] [2026-08-28T14:07:32.124Z] >>> [apiv2][query] POST https://www.googleapis.com/oauth2/v3/token [none]
[debug] [2026-08-28T14:07:32.124Z] >>> [apiv2][body] POST https://www.googleapis.com/oauth2/v3/token [omitted]
[debug] [2026-08-28T14:07:42.797Z] *** [apiv2] error from fetch(https://www.googleapis.com/oauth2/v3/token, {"headers":{},"method":"POST","body":{"type":"Buffer","data":[45,45,45,45,45,45,45,45,45,45,45,45,45,45,45,45,45,45,45,45,45,45,45,45,45,45,45,45,55,48,56,53,53,50,102,54,48,51,102,98,49,56,97,48,52,98,101,100,51,98,99,101,13,10,67,111,110,116,101,110,116,45,68,105,115,112,111,115,105,116,105,111,110,58,32,102,111,114,109,45,100,97,116,97,59,32,110,97,109,101,61,34,114,101,102,114,101,115,104,95,116,111,107,101,110,34,13,10,13,10,49,47,47,48,104,97,78,90,67,90,74,53,103,103,117,112,67,103,89,73,65,82,65,65,71,66,69,83,78,119,70,45,76,57,73,114,110,81,48,113,65,114,119,45,83,90,101,102,81,104,85,109,90,77,83,85,109,95,86,49,114,45,72,83,114,56,57,108,57,113,110,73,108,111,99,68,100,106,84,65,85,108,114,90,120,111,105,71,69,83,108,73,68,71,57,79,75,50,97,100,111,85,99,13,10,45,45,45,45,45,45,45,45,45,45,45,45,45,45,45,45,45,45,45,45,45,45,45,45,45,45,45,45,55,48,56,53,53,50,102,54,48,51,102,98,49,56,97,48,52,98,101,100,51,98,99,101,13,10,67,111,110,116,101,110,116,45,68,105,115,112,111,115,105,116,105,111,110,58,32,102,111,114,109,45,100,97,116,97,59,32,110,97,109,101,61,34,99,108,105,101,110,116,95,105,100,34,13,10,13,10,53,54,51,53,56,52,51,51,53,56,54,57,45,102,103,114,104,103,109,100,52,55,98,113,110,101,107,105,106,53,105,56,98,53,112,114,48,51,104,111,56,52,57,101,54,46,97,112,112,115,46,103,111,111,103,108,101,117,115,101,114,99,111,110,116,101,110,116,46,99,111,109,13,10,45,45,45,45,45,45,45,45,45,45,45,45,45,45,45,45,45,45,45,45,45,45,45,45,45,45,45,45,55,48,56,53,53,50,102,54,48,51,102,98,49,56,97,48,52,98,101,100,51,98,99,101,13,10,67,111,110,116,101,110,116,45,68,105,115,112,111,115,105,116,105,111,110,58,32,102,111,114,109,45,100,97,116,97,59,32,110,97,109,101,61,34,99,108,105,101,110,116,95,115,101,99,114,101,116,34,13,10,13,10,106,57,105,86,90,102,83,56,107,107,67,69,70,85,80,97,65,101,74,86,48,115,65,105,13,10,45,45,45,45,45,45,45,45,45,45,45,45,45,45,45,45,45,45,45,45,45,45,45,45,45,45,45,45,55,48,56,53,53,50,102,54,48,51,102,98,49,56,97,48,52,98,101,100,51,98,99,101,13,10,67,111,110,116,101,110,116,45,68,105,115,112,111,115,105,116,105,111,110,58,32,102,111,114,109,45,100,97,116,97,59,32,110,97,109,101,61,34,103,114,97,110,116,95,116,121,112,101,34,13,10,13,10,114,101,102,114,101,115,104,95,116,111,107,101,110,13,10,45,45,45,45,45,45,45,45,45,45,45,45,45,45,45,45,45,45,45,45,45,45,45,45,45,45,45,45,55,48,56,53,53,50,102,54,48,51,102,98,49,56,97,48,52,98,101,100,51,98,99,101,13,10,67,111,110,116,101,110,116,45,68,105,115,112,111,115,105,116,105,111,110,58,32,102,111,114,109,45,100,97,116,97,59,32,110,97,109,101,61,34,115,99,111,112,101,34,13,10,13,10,13,10,45,45,45,45,45,45,45,45,45,45,45,45,45,45,45,45,45,45,45,45,45,45,45,45,45,45,45,45,55,48,56,53,53,50,102,54,48,51,102,98,49,56,97,48,52,98,101,100,51,98,99,101,45,45,13,10]}}): ConnectTimeoutError: Connect Timeout Error (attempted address: www.googleapis.com:443, timeout: 10000ms)
[error] Authentication Error: Your credentials are no longer valid. Please run firebase login --reauth

For CI servers and headless environments, generate a new token with firebase login:ci
[debug] [2026-08-28T14:07:42.799Z] [iam] error while checking permissions, command may fail: Authentication Error: Your credentials are no longer valid. Please run firebase login --reauth

For CI servers and headless environments, generate a new token with firebase login:ci
[debug] [2026-08-28T14:07:42.800Z] Checked if tokens are valid: false, expires at: 1787920077106
[debug] [2026-08-28T14:07:42.801Z] Checked if tokens are valid: false, expires at: 1787920077106
[debug] [2026-08-28T14:07:42.801Z] > refreshing access token with scopes: []
[debug] [2026-08-28T14:07:42.802Z] >>> [apiv2][query] POST https://www.googleapis.com/oauth2/v3/token [none]
[debug] [2026-08-28T14:07:42.802Z] >>> [apiv2][body] POST https://www.googleapis.com/oauth2/v3/token [omitted]
[debug] [2026-08-28T14:07:43.345Z] *** [apiv2] error from fetch(https://www.googleapis.com/oauth2/v3/token, {"headers":{},"method":"POST","body":{"type":"Buffer","data":[45,45,45,45,45,45,45,45,45,45,45,45,45,45,45,45,45,45,45,45,45,45,45,45,45,45,45,45,54,52,55,100,57,55,51,50,98,57,52,99,97,50,57,53,97,101,100,56,51,101,101,48,13,10,67,111,110,116,101,110,116,45,68,105,115,112,111,115,105,116,105,111,110,58,32,102,111,114,109,45,100,97,116,97,59,32,110,97,109,101,61,34,114,101,102,114,101,115,104,95,116,111,107,101,110,34,13,10,13,10,49,47,47,48,104,97,78,90,67,90,74,53,103,103,117,112,67,103,89,73,65,82,65,65,71,66,69,83,78,119,70,45,76,57,73,114,110,81,48,113,65,114,119,45,83,90,101,102,81,104,85,109,90,77,83,85,109,95,86,49,114,45,72,83,114,56,57,108,57,113,110,73,108,111,99,68,100,106,84,65,85,108,114,90,120,111,105,71,69,83,108,73,68,71,57,79,75,50,97,100,111,85,99,13,10,45,45,45,45,45,45,45,45,45,45,45,45,45,45,45,45,45,45,45,45,45,45,45,45,45,45,45,45,54,52,55,100,57,55,51,50,98,57,52,99,97,50,57,53,97,101,100,56,51,101,101,48,13,10,67,111,110,116,101,110,116,45,68,105,115,112,111,115,105,116,105,111,110,58,32,102,111,114,109,45,100,97,116,97,59,32,110,97,109,101,61,34,99,108,105,101,110,116,95,105,100,34,13,10,13,10,53,54,51,53,56,52,51,51,53,56,54,57,45,102,103,114,104,103,109,100,52,55,98,113,110,101,107,105,106,53,105,56,98,53,112,114,48,51,104,111,56,52,57,101,54,46,97,112,112,115,46,103,111,111,103,108,101,117,115,101,114,99,111,110,116,101,110,116,46,99,111,109,13,10,45,45,45,45,45,45,45,45,45,45,45,45,45,45,45,45,45,45,45,45,45,45,45,45,45,45,45,45,54,52,55,100,57,55,51,50,98,57,52,99,97,50,57,53,97,101,100,56,51,101,101,48,13,10,67,111,110,116,101,110,116,45,68,105,115,112,111,115,105,116,105,111,110,58,32,102,111,114,109,45,100,97,116,97,59,32,110,97,109,101,61,34,99,108,105,101,110,116,95,115,101,99,114,101,116,34,13,10,13,10,106,57,105,86,90,102,83,56,107,107,67,69,70,85,80,97,65,101,74,86,48,115,65,105,13,10,45,45,45,45,45,45,45,45,45,45,45,45,45,45,45,45,45,45,45,45,45,45,45,45,45,45,45,45,54,52,55,100,57,55,51,50,98,57,52,99,97,50,57,53,97,101,100,56,51,101,101,48,13,10,67,111,110,116,101,110,116,45,68,105,115,112,111,115,105,116,105,111,110,58,32,102,111,114,109,45,100,97,116,97,59,32,110,97,109,101,61,34,103,114,97,110,116,95,116,121,112,101,34,13,10,13,10,114,101,102,114,101,115,104,95,116,111,107,101,110,13,10,45,45,45,45,45,45,45,45,45,45,45,45,45,45,45,45,45,45,45,45,45,45,45,45,45,45,45,45,54,52,55,100,57,55,51,50,98,57,52,99,97,50,57,53,97,101,100,56,51,101,101,48,13,10,67,111,110,116,101,110,116,45,68,105,115,112,111,115,105,116,105,111,110,58,32,102,111,114,109,45,100,97,116,97,59,32,110,97,109,101,61,34,115,99,111,112,101,34,13,10,13,10,13,10,45,45,45,45,45,45,45,45,45,45,45,45,45,45,45,45,45,45,45,45,45,45,45,45,45,45,45,45,54,52,55,100,57,55,51,50,98,57,52,99,97,50,57,53,97,101,100,56,51,101,101,48,45,45,13,10]}}): Error: getaddrinfo ENOTFOUND www.googleapis.com
[error] Authentication Error: Your credentials are no longer valid. Please run firebase login --reauth

For CI servers and headless environments, generate a new token with firebase login:ci
[debug] [2026-08-28T14:07:43.346Z] Authentication Error: Your credentials are no longer valid. Please run firebase login --reauth

For CI servers and headless environments, generate a new token with firebase login:ci
[error] 
[error] Error: Assertion failed: resolving hosting target of a site with no site name or target name. This should have caused an error earlier
